当前日期: 2022/05/20 周五

当前时间: 11:03:40.71

主机名:           DESKTOP-2L54HFK
OS 名称:          Microsoft Windows 10 家庭中文版
OS 版本:          10.0.19044 暂缺 Build 19044
OS 制造商:        Microsoft Corporation
OS 配置:          独立工作站
OS 构建类型:      Multiprocessor Free
注册的所有人:     zx3087583909@outlook.com
注册的组织:       暂缺
产品 ID:          00342-35527-47826-AAOEM
初始安装日期:     2021/4/29, 18:16:08
系统启动时间:     2022/5/19, 19:17:06
系统制造商:       Dell Inc.
系统型号:         Inspiron 5498
系统类型:         x64-based PC
处理器:           安装了 1 个处理器。
                  [01]: Intel64 Family 6 Model 142 Stepping 12 GenuineIntel ~1803 Mhz
BIOS 版本:        Dell Inc. 1.11.0, 2020/8/13
Windows 目录:     C:\WINDOWS
系统目录:         C:\WINDOWS\system32
启动设备:         \Device\HarddiskVolume1
系统区域设置:     zh-cn;中文(中国)
输入法区域设置:   zh-cn;中文(中国)
时区:             (UTC+08:00) 北京，重庆，香港特别行政区，乌鲁木齐
物理内存总量:     7,976 MB
可用的物理内存:   2,498 MB
虚拟内存: 最大值: 15,952 MB
虚拟内存: 可用:   5,808 MB
虚拟内存: 使用中: 10,144 MB
页面文件位置:     C:\pagefile.sys
域:               WORKGROUP
登录服务器:       \\DESKTOP-2L54HFK
修补程序:         安装了 12 个修补程序。
                  [01]: KB5013624
                  [02]: KB4562830
                  [03]: KB4577586
                  [04]: KB4580325
                  [05]: KB5003791
                  [06]: KB5013942
                  [07]: KB5006753
                  [08]: KB5007273
                  [09]: KB5011352
                  [10]: KB5011651
                  [11]: KB5014032
                  [12]: KB5005699
网卡:             安装了 7 个 NIC。
                  [01]: Intel(R) Wireless-AC 9462
                      连接名:      WLAN
                      启用 DHCP:   是
                      DHCP 服务器: 10.203.128.1
                      IP 地址
                        [01]: 10.203.175.236
                        [02]: fe80::2930:2361:c4f:493a
                        [03]: 2001:da8:1002:6004::3:b73c
                  [02]: Sangfor SSL VPN CS Support System VNIC
                      连接名:      以太网 2
                      状态:        媒体连接已中断
                  [03]: Netease UU TAP-Win32 Adapter V9.21
                      连接名:      以太网 3
                      状态:        媒体连接已中断
                  [04]: Bluetooth Device (Personal Area Network)
                      连接名:      蓝牙网络连接
                      状态:        媒体连接已中断
                  [05]: VirtualBox Host-Only Ethernet Adapter
                      连接名:      以太网 4
                      启用 DHCP:   否
                      IP 地址
                        [01]: 169.254.67.91
                        [02]: fe80::4077:daf0:becf:435b
                  [06]: VMware Virtual Ethernet Adapter for VMnet1
                      连接名:      VMware Network Adapter VMnet1
                      启用 DHCP:   是
                      DHCP 服务器: 192.168.234.254
                      IP 地址
                        [01]: 169.254.5.128
                        [02]: fe80::d90b:4e74:95cc:580
                  [07]: VMware Virtual Ethernet Adapter for VMnet8
                      连接名:      VMware Network Adapter VMnet8
                      启用 DHCP:   否
                      IP 地址
                        [01]: 192.168.137.1
                        [02]: fe80::d823:5d30:2917:3d78
Hyper-V 要求:     虚拟机监视器模式扩展: 是
                  固件中已启用虚拟化: 是
                  二级地址转换: 是
                  数据执行保护可用: 是

\\DESKTOP-2L54HFK 的用户帐户

-------------------------------------------------------------------------------
Administrator            DefaultAccount           Guest
WDAGUtilityAccount       zx308

Windows IP 配置

   主机名  . . . . . . . . . . . . . : DESKTOP-2L54HFK
   主 DNS 后缀 . . . . . . . . . . . :
   节点类型  . . . . . . . . . . . . : 混合
   IP 路由已启用 . . . . . . . . . . : 否
   WINS 代理已启用 . . . . . . . . . : 否

以太网适配器 以太网 4:

   连接特定的 DNS 后缀 . . . . . . . :
   描述. . . . . . . . . . . . . . . : VirtualBox Host-Only Ethernet Adapter
   物理地址. . . . . . . . . . . . . : 0A-00-27-00-00-14
   DHCP 已启用 . . . . . . . . . . . : 否
   自动配置已启用. . . . . . . . . . : 是
   本地链接 IPv6 地址. . . . . . . . : fe80::4077:daf0:becf:435b%20(首选)
   自动配置 IPv4 地址  . . . . . . . : 169.254.67.91(首选)
   子网掩码  . . . . . . . . . . . . : 255.255.0.0
   默认网关. . . . . . . . . . . . . :
   DHCPv6 IAID . . . . . . . . . . . : 873070631
   DHCPv6 客户端 DUID  . . . . . . . : 00-01-00-01-28-1C-3E-75-DC-71-96-C4-05-AE
   DNS 服务器  . . . . . . . . . . . : fec0:0:0:ffff::1%1
                                       fec0:0:0:ffff::2%1
                                       fec0:0:0:ffff::3%1
   TCPIP 上的 NetBIOS  . . . . . . . : 已启用

无线局域网适配器 本地连接* 1:

   媒体状态  . . . . . . . . . . . . : 媒体已断开连接
   连接特定的 DNS 后缀 . . . . . . . :
   描述. . . . . . . . . . . . . . . : Microsoft Wi-Fi Direct Virtual Adapter
   物理地址. . . . . . . . . . . . . : DC-71-96-C4-05-AF
   DHCP 已启用 . . . . . . . . . . . : 是
   自动配置已启用. . . . . . . . . . : 是

无线局域网适配器 本地连接* 2:

   媒体状态  . . . . . . . . . . . . : 媒体已断开连接
   连接特定的 DNS 后缀 . . . . . . . :
   描述. . . . . . . . . . . . . . . : Microsoft Wi-Fi Direct Virtual Adapter #2
   物理地址. . . . . . . . . . . . . : DE-71-96-C4-05-AE
   DHCP 已启用 . . . . . . . . . . . : 是
   自动配置已启用. . . . . . . . . . : 是

以太网适配器 以太网 3:

   媒体状态  . . . . . . . . . . . . : 媒体已断开连接
   连接特定的 DNS 后缀 . . . . . . . :
   描述. . . . . . . . . . . . . . . : Netease UU TAP-Win32 Adapter V9.21
   物理地址. . . . . . . . . . . . . : 00-FF-E9-DA-2E-75
   DHCP 已启用 . . . . . . . . . . . : 是
   自动配置已启用. . . . . . . . . . : 是

以太网适配器 VMware Network Adapter VMnet1:

   连接特定的 DNS 后缀 . . . . . . . :
   描述. . . . . . . . . . . . . . . : VMware Virtual Ethernet Adapter for VMnet1
   物理地址. . . . . . . . . . . . . : 00-50-56-C0-00-01
   DHCP 已启用 . . . . . . . . . . . : 是
   自动配置已启用. . . . . . . . . . : 是
   本地链接 IPv6 地址. . . . . . . . : fe80::d90b:4e74:95cc:580%10(首选)
   自动配置 IPv4 地址  . . . . . . . : 169.254.5.128(首选)
   子网掩码  . . . . . . . . . . . . : 255.255.0.0
   默认网关. . . . . . . . . . . . . :
   DHCPv6 IAID . . . . . . . . . . . : 218124374
   DHCPv6 客户端 DUID  . . . . . . . : 00-01-00-01-28-1C-3E-75-DC-71-96-C4-05-AE
   DNS 服务器  . . . . . . . . . . . : fec0:0:0:ffff::1%1
                                       fec0:0:0:ffff::2%1
                                       fec0:0:0:ffff::3%1
   TCPIP 上的 NetBIOS  . . . . . . . : 已启用

以太网适配器 VMware Network Adapter VMnet8:

   连接特定的 DNS 后缀 . . . . . . . :
   描述. . . . . . . . . . . . . . . : VMware Virtual Ethernet Adapter for VMnet8
   物理地址. . . . . . . . . . . . . : 00-50-56-C0-00-08
   DHCP 已启用 . . . . . . . . . . . : 否
   自动配置已启用. . . . . . . . . . : 是
   本地链接 IPv6 地址. . . . . . . . : fe80::d823:5d30:2917:3d78%11(首选)
   IPv4 地址 . . . . . . . . . . . . : 192.168.137.1(首选)
   子网掩码  . . . . . . . . . . . . : 255.255.255.0
   默认网关. . . . . . . . . . . . . :
   DHCPv6 IAID . . . . . . . . . . . : 352342102
   DHCPv6 客户端 DUID  . . . . . . . : 00-01-00-01-28-1C-3E-75-DC-71-96-C4-05-AE
   DNS 服务器  . . . . . . . . . . . : fec0:0:0:ffff::1%1
                                       fec0:0:0:ffff::2%1
                                       fec0:0:0:ffff::3%1
   TCPIP 上的 NetBIOS  . . . . . . . : 已启用

无线局域网适配器 WLAN:

   连接特定的 DNS 后缀 . . . . . . . :
   描述. . . . . . . . . . . . . . . : Intel(R) Wireless-AC 9462
   物理地址. . . . . . . . . . . . . : 3A-5D-D4-C6-BA-60
   DHCP 已启用 . . . . . . . . . . . : 是
   自动配置已启用. . . . . . . . . . : 是
   IPv6 地址 . . . . . . . . . . . . : 2001:da8:1002:6004::3:b73c(首选)
   获得租约的时间  . . . . . . . . . : 2022年5月20日 9:41:10
   租约过期的时间  . . . . . . . . . : 2022年5月20日 11:46:10
   本地链接 IPv6 地址. . . . . . . . : fe80::2930:2361:c4f:493a%24(首选)
   IPv4 地址 . . . . . . . . . . . . : 10.203.175.236(首选)
   子网掩码  . . . . . . . . . . . . : 255.255.128.0
   获得租约的时间  . . . . . . . . . : 2022年5月20日 9:41:10
   租约过期的时间  . . . . . . . . . : 2022年5月20日 11:36:09
   默认网关. . . . . . . . . . . . . : fe80::200:5eff:fe00:165%24
                                       10.203.128.1
   DHCP 服务器 . . . . . . . . . . . : 10.203.128.1
   DHCPv6 IAID . . . . . . . . . . . : 165441942
   DHCPv6 客户端 DUID  . . . . . . . : 00-01-00-01-28-1C-3E-75-DC-71-96-C4-05-AE
   DNS 服务器  . . . . . . . . . . . : 10.80.128.28
                                       10.81.254.5
   TCPIP 上的 NetBIOS  . . . . . . . : 已启用

以太网适配器 以太网 2:

   媒体状态  . . . . . . . . . . . . : 媒体已断开连接
   连接特定的 DNS 后缀 . . . . . . . :
   描述. . . . . . . . . . . . . . . : Sangfor SSL VPN CS Support System VNIC
   物理地址. . . . . . . . . . . . . : 00-FF-04-46-8E-D5
   DHCP 已启用 . . . . . . . . . . . : 否
   自动配置已启用. . . . . . . . . . : 是

以太网适配器 蓝牙网络连接:

   媒体状态  . . . . . . . . . . . . : 媒体已断开连接
   连接特定的 DNS 后缀 . . . . . . . :
   描述. . . . . . . . . . . . . . . : Bluetooth Device (Personal Area Network)
   物理地址. . . . . . . . . . . . . : DC-71-96-C4-05-B2
   DHCP 已启用 . . . . . . . . . . . : 是
   自动配置已启用. . . . . . . . . . : 是

===========================================================================
接口列表
 20...0a 00 27 00 00 14 ......VirtualBox Host-Only Ethernet Adapter
 25...dc 71 96 c4 05 af ......Microsoft Wi-Fi Direct Virtual Adapter
 15...de 71 96 c4 05 ae ......Microsoft Wi-Fi Direct Virtual Adapter #2
 23...00 ff e9 da 2e 75 ......Netease UU TAP-Win32 Adapter V9.21
 10...00 50 56 c0 00 01 ......VMware Virtual Ethernet Adapter for VMnet1
 11...00 50 56 c0 00 08 ......VMware Virtual Ethernet Adapter for VMnet8
 24...3a 5d d4 c6 ba 60 ......Intel(R) Wireless-AC 9462
  2...00 ff 04 46 8e d5 ......Sangfor SSL VPN CS Support System VNIC
 18...dc 71 96 c4 05 b2 ......Bluetooth Device (Personal Area Network)
  1...........................Software Loopback Interface 1
===========================================================================

IPv4 路由表
===========================================================================
活动路由:
网络目标        网络掩码          网关       接口   跃点数
          0.0.0.0          0.0.0.0     10.203.128.1   10.203.175.236     45
     10.203.128.0    255.255.128.0            在链路上    10.203.175.236    301
   10.203.175.236  255.255.255.255            在链路上    10.203.175.236    301
   10.203.255.255  255.255.255.255            在链路上    10.203.175.236    301
        127.0.0.0        255.0.0.0            在链路上         127.0.0.1    331
        127.0.0.1  255.255.255.255            在链路上         127.0.0.1    331
  127.255.255.255  255.255.255.255            在链路上         127.0.0.1    331
      169.254.0.0      255.255.0.0            在链路上     169.254.67.91    281
      169.254.0.0      255.255.0.0            在链路上     169.254.5.128    291
    169.254.5.128  255.255.255.255            在链路上     169.254.5.128    291
    169.254.67.91  255.255.255.255            在链路上     169.254.67.91    281
  169.254.255.255  255.255.255.255            在链路上     169.254.67.91    281
  169.254.255.255  255.255.255.255            在链路上     169.254.5.128    291
    192.168.137.0    255.255.255.0            在链路上     192.168.137.1    291
    192.168.137.1  255.255.255.255            在链路上     192.168.137.1    291
  192.168.137.255  255.255.255.255            在链路上     192.168.137.1    291
        224.0.0.0        240.0.0.0            在链路上         127.0.0.1    331
        224.0.0.0        240.0.0.0            在链路上     169.254.67.91    281
        224.0.0.0        240.0.0.0            在链路上    10.203.175.236    301
        224.0.0.0        240.0.0.0            在链路上     192.168.137.1    291
        224.0.0.0        240.0.0.0            在链路上     169.254.5.128    291
  255.255.255.255  255.255.255.255            在链路上         127.0.0.1    331
  255.255.255.255  255.255.255.255            在链路上     169.254.67.91    281
  255.255.255.255  255.255.255.255            在链路上    10.203.175.236    301
  255.255.255.255  255.255.255.255            在链路上     192.168.137.1    291
  255.255.255.255  255.255.255.255            在链路上     169.254.5.128    291
===========================================================================
永久路由:
  无

IPv6 路由表
===========================================================================
活动路由:
 接口跃点数网络目标                网关
 24    301 ::/0                     fe80::200:5eff:fe00:165
  1    331 ::1/128                  在链路上
 24    301 2001:da8:1002:6004::3:b73c/128
                                    在链路上
 20    281 fe80::/64                在链路上
 24    301 fe80::/64                在链路上
 11    291 fe80::/64                在链路上
 10    291 fe80::/64                在链路上
 24    301 fe80::2930:2361:c4f:493a/128
                                    在链路上
 20    281 fe80::4077:daf0:becf:435b/128
                                    在链路上
 11    291 fe80::d823:5d30:2917:3d78/128
                                    在链路上
 10    291 fe80::d90b:4e74:95cc:580/128
                                    在链路上
  1    331 ff00::/8                 在链路上
 20    281 ff00::/8                 在链路上
 24    301 ff00::/8                 在链路上
 11    291 ff00::/8                 在链路上
 10    291 ff00::/8                 在链路上
===========================================================================
永久路由:
  无

接口: 169.254.5.128 --- 0xa
  Internet 地址         物理地址              类型
  169.254.255.255       ff-ff-ff-ff-ff-ff     静态
  224.0.0.22            01-00-5e-00-00-16     静态
  224.0.0.251           01-00-5e-00-00-fb     静态
  239.255.255.250       01-00-5e-7f-ff-fa     静态
  255.255.255.255       ff-ff-ff-ff-ff-ff     静态

接口: 192.168.137.1 --- 0xb
  Internet 地址         物理地址              类型
  192.168.137.255       ff-ff-ff-ff-ff-ff     静态
  224.0.0.22            01-00-5e-00-00-16     静态
  224.0.0.251           01-00-5e-00-00-fb     静态
  239.255.255.250       01-00-5e-7f-ff-fa     静态

接口: 169.254.67.91 --- 0x14
  Internet 地址         物理地址              类型
  169.254.255.255       ff-ff-ff-ff-ff-ff     静态
  224.0.0.22            01-00-5e-00-00-16     静态
  224.0.0.251           01-00-5e-00-00-fb     静态
  239.255.255.250       01-00-5e-7f-ff-fa     静态
  255.255.255.255       ff-ff-ff-ff-ff-ff     静态

接口: 10.203.175.236 --- 0x18
  Internet 地址         物理地址              类型
  10.203.128.1          00-00-5e-00-01-65     动态
  10.203.130.145        00-00-5e-00-01-65     动态
  10.203.136.147        00-00-5e-00-01-65     动态
  10.203.153.25         00-00-5e-00-01-65     动态
  10.203.160.170        00-00-5e-00-01-65     动态
  10.203.178.78         00-00-5e-00-01-65     动态
  10.203.192.201        00-00-5e-00-01-65     动态
  10.203.199.30         00-00-5e-00-01-65     动态
  10.203.199.148        00-00-5e-00-01-65     动态
  10.203.201.83         00-00-5e-00-01-65     动态
  10.203.201.91         00-00-5e-00-01-65     动态
  10.203.205.132        00-00-5e-00-01-65     动态
  10.203.210.185        00-00-5e-00-01-65     动态
  10.203.211.129        00-00-5e-00-01-65     动态
  10.203.214.109        00-00-5e-00-01-65     动态
  10.203.215.72         00-00-5e-00-01-65     动态
  10.203.222.157        00-00-5e-00-01-65     动态
  10.203.237.98         00-00-5e-00-01-65     动态
  10.203.240.38         00-00-5e-00-01-65     动态
  10.203.247.87         00-00-5e-00-01-65     动态
  10.203.247.209        00-00-5e-00-01-65     动态
  10.203.252.134        00-00-5e-00-01-65     动态
  10.203.255.255        ff-ff-ff-ff-ff-ff     静态
  224.0.0.22            01-00-5e-00-00-16     静态
  224.0.0.251           01-00-5e-00-00-fb     静态
  224.0.0.252           01-00-5e-00-00-fc     静态
  239.255.255.250       01-00-5e-7f-ff-fa     静态
  255.255.255.255       ff-ff-ff-ff-ff-ff     静态

Windows IP 配置

    debian.mshome.net
    ----------------------------------------
    没有 AAAA 类型的记录


    debian.mshome.net
    ----------------------------------------
    记录名称. . . . . . . : debian.mshome.net
    记录类型. . . . . . . : 1
    生存时间. . . . . . . : 547222
    数据长度. . . . . . . : 4
    部分. . . . . . . . . : 答案
    A (主机)记录  . . . . : 192.168.137.24


    desktop-2l54hfk.mshome.net
    ----------------------------------------
    没有 AAAA 类型的记录


    desktop-2l54hfk.mshome.net
    ----------------------------------------
    记录名称. . . . . . . : DESKTOP-2L54HFK.mshome.net
    记录类型. . . . . . . : 1
    生存时间. . . . . . . : 547222
    数据长度. . . . . . . : 4
    部分. . . . . . . . . : 答案
    A (主机)记录  . . . . : 192.168.137.1


    www.bing.com
    ----------------------------------------
    记录名称. . . . . . . : www.bing.com
    记录类型. . . . . . . : 5
    生存时间. . . . . . . : 14
    数据长度. . . . . . . : 8
    部分. . . . . . . . . : 答案
    CNAME 记录  . . . . . : a-0001.a-afdentry.net.trafficmanager.net


    记录名称. . . . . . . : a-0001.a-afdentry.net.trafficmanager.net
    记录类型. . . . . . . : 5
    生存时间. . . . . . . : 14
    数据长度. . . . . . . : 8
    部分. . . . . . . . . : 答案
    CNAME 记录  . . . . . : cn-bing-com.cn.a-0001.a-msedge.net


    记录名称. . . . . . . : cn-bing-com.cn.a-0001.a-msedge.net
    记录类型. . . . . . . : 5
    生存时间. . . . . . . : 14
    数据长度. . . . . . . : 8
    部分. . . . . . . . . : 答案
    CNAME 记录  . . . . . : china.bing123.com


    记录名称. . . . . . . : china.bing123.com
    记录类型. . . . . . . : 1
    生存时间. . . . . . . : 14
    数据长度. . . . . . . : 4
    部分. . . . . . . . . : 答案
    A (主机)记录  . . . . : 202.89.233.100


    记录名称. . . . . . . : china.bing123.com
    记录类型. . . . . . . : 1
    生存时间. . . . . . . : 14
    数据长度. . . . . . . : 4
    部分. . . . . . . . . : 答案
    A (主机)记录  . . . . : 202.89.233.101


    directvnow.com
    ----------------------------------------
    记录名称. . . . . . . : directvnow.com
    记录类型. . . . . . . : 1
    生存时间. . . . . . . : 441
    数据长度. . . . . . . : 4
    部分. . . . . . . . . : 答案
    A (主机)记录  . . . . : 20.75.101.58


    www.wegame.com.cn
    ----------------------------------------
    记录名称. . . . . . . : www.wegame.com.cn
    记录类型. . . . . . . : 1
    生存时间. . . . . . . : 382
    数据长度. . . . . . . : 4
    部分. . . . . . . . . : 答案
    A (主机)记录  . . . . : 140.206.164.53


    记录名称. . . . . . . : www.wegame.com.cn
    记录类型. . . . . . . : 1
    生存时间. . . . . . . : 382
    数据长度. . . . . . . : 4
    部分. . . . . . . . . : 答案
    A (主机)记录  . . . . : 210.22.247.159


    f.bmcx.com
    ----------------------------------------
    记录名称. . . . . . . : f.bmcx.com
    记录类型. . . . . . . : 5
    生存时间. . . . . . . : 108
    数据长度. . . . . . . : 8
    部分. . . . . . . . . : 答案
    CNAME 记录  . . . . . : vvv-auto-1.7x24s.com


    记录名称. . . . . . . : vvv-auto-1.7x24s.com
    记录类型. . . . . . . : 1
    生存时间. . . . . . . : 108
    数据长度. . . . . . . : 4
    部分. . . . . . . . . : 答案
    A (主机)记录  . . . . : 120.27.226.120


    connect.facebook.net
    ----------------------------------------
    记录名称. . . . . . . : connect.facebook.net
    记录类型. . . . . . . : 1
    生存时间. . . . . . . : 66464
    数据长度. . . . . . . : 4
    部分. . . . . . . . . : 答案
    A (主机)记录  . . . . : 184.50.207.139


    记录名称. . . . . . . : connect.facebook.net
    记录类型. . . . . . . : 1
    生存时间. . . . . . . : 66464
    数据长度. . . . . . . : 4
    部分. . . . . . . . . : 答案
    A (主机)记录  . . . . : 23.2.134.221


    24.137.168.192.in-addr.arpa
    ----------------------------------------
    记录名称. . . . . . . : 24.137.168.192.in-addr.arpa.
    记录类型. . . . . . . : 12
    生存时间. . . . . . . : 547222
    数据长度. . . . . . . : 8
    部分. . . . . . . . . : 答案
    PTR 记录  . . . . . . : debian.mshome.net


    ocsp.digicert.com
    ----------------------------------------
    记录名称. . . . . . . : ocsp.digicert.com
    记录类型. . . . . . . : 5
    生存时间. . . . . . . : 2605
    数据长度. . . . . . . : 8
    部分. . . . . . . . . : 答案
    CNAME 记录  . . . . . : cs9.wac.phicdn.net


    记录名称. . . . . . . : cs9.wac.phicdn.net
    记录类型. . . . . . . : 1
    生存时间. . . . . . . : 2605
    数据长度. . . . . . . : 4
    部分. . . . . . . . . : 答案
    A (主机)记录  . . . . : 117.18.237.29


    vpn5.seu.edu.cn
    ----------------------------------------
    记录名称. . . . . . . : vpn5.seu.edu.cn
    记录类型. . . . . . . : 1
    生存时间. . . . . . . : 1781
    数据长度. . . . . . . : 4
    部分. . . . . . . . . : 答案
    A (主机)记录  . . . . : 121.248.60.174


    1.137.168.192.in-addr.arpa
    ----------------------------------------
    记录名称. . . . . . . : 1.137.168.192.in-addr.arpa.
    记录类型. . . . . . . : 12
    生存时间. . . . . . . : 547222
    数据长度. . . . . . . : 8
    部分. . . . . . . . . : 答案
    PTR 记录  . . . . . . : DESKTOP-2L54HFK.mshome.net


    h5.qzone.qq.com
    ----------------------------------------
    记录名称. . . . . . . : h5.qzone.qq.com
    记录类型. . . . . . . : 1
    生存时间. . . . . . . : 233
    数据长度. . . . . . . : 4
    部分. . . . . . . . . : 答案
    A (主机)记录  . . . . : 121.51.36.101


    f3200a6b112449ecd649aa6d83c4ca80.rdt.tfogc.com
    ----------------------------------------
    记录名称. . . . . . . : f3200a6b112449ecd649aa6d83c4ca80.rdt.tfogc.com
    记录类型. . . . . . . : 1
    生存时间. . . . . . . : 81672
    数据长度. . . . . . . : 4
    部分. . . . . . . . . : 答案
    A (主机)记录  . . . . : 36.150.156.68


    vpn4.seu.edu.cn
    ----------------------------------------
    记录名称. . . . . . . : vpn4.seu.edu.cn
    记录类型. . . . . . . : 5
    生存时间. . . . . . . : 923
    数据长度. . . . . . . : 8
    部分. . . . . . . . . : 答案
    CNAME 记录  . . . . . : voidc159.seu.edu.cn


    记录名称. . . . . . . : voidc159.seu.edu.cn
    记录类型. . . . . . . : 1
    生存时间. . . . . . . : 923
    数据长度. . . . . . . : 4
    部分. . . . . . . . . : 答案
    A (主机)记录  . . . . : 121.248.60.159

Name                Pid Pri Thd  Hnd   Priv        CPU Time    Elapsed Time
Idle                  0   0   8    0     60   116:29:08.843    16:11:55.643
System                4   8 273 6499    240     0:33:22.093    16:11:55.643
Registry            124   8   4    0  12044     0:00:02.171    16:12:03.612
smss                764  11   2   53   1068     0:00:00.218    16:11:55.641
csrss               864  13  11  917   2044     0:00:08.328    16:11:54.484
wininit             964  13   1  165   1420     0:00:00.062    16:11:53.304
csrss               984  13  15  864   3276     0:01:43.984    16:11:53.297
services            460   9   7  895   6852     0:00:28.375    16:11:53.271
lsass               660   9  10 2211  13128     0:00:34.140    16:11:53.252
svchost            1076   8  15 1700  15044     0:01:05.062    16:11:53.168
fontdrvhost        1108   8   5   36  11404     0:00:00.046    16:11:53.160
WUDFHost           1144  13  20  440  10756     0:00:15.468    16:11:53.150
svchost            1212   8  11 1565  11936     0:01:48.296    16:11:53.086
svchost            1260   8   6  373   3408     0:00:03.109    16:11:53.066
winlogon           1316  13   4  281   2896     0:00:00.968    16:11:52.946
fontdrvhost        1372   8   5   36  15032     0:00:06.171    16:11:52.923
WUDFHost           1432   8   6  371   4900     0:00:00.187    16:11:52.888
dwm                1512  13  15 1525 207548     0:10:41.484    16:11:52.859
svchost            1604   8   3  330   3064     0:00:00.984    16:11:52.830
svchost            1616   8  14  392   3808     0:00:01.984    16:11:52.830
svchost            1636   8   5  172   7804     0:00:03.578    16:11:52.829
svchost            1676   8   4  174   2000     0:00:00.046    16:11:52.826
svchost            1696   8   4  184   2060     0:00:00.171    16:11:52.825
svchost            1712   8  10  294   3316     0:00:00.578    16:11:52.822
svchost            1848   8   9  406   3164     0:00:02.859    16:11:52.803
svchost            1936   8   5  257   2780     0:00:00.968    16:11:52.791
svchost            1944   8   3  334   2288     0:00:00.296    16:11:52.790
svchost            1968   8   8  405   6868     0:00:11.046    16:11:52.788
svchost            1364   8   5  263   3800     0:00:00.828    16:11:52.759
IntelCpHDCPSvc     2068   8   3  151   1444     0:00:00.000    16:11:52.753
svchost            2096   8  11  336   2712     0:00:00.078    16:11:52.748
svchost            2156   8  16  195   2288     0:00:00.015    16:11:52.735
svchost            2184   8   7  458  16312     0:00:45.796    16:11:52.728
svchost            2280   8   7  338   3276     0:00:19.859    16:11:52.708
svchost            2300   8   7  321   2944     0:00:05.578    16:11:52.705
svchost            2480   8   3  185   1924     0:00:00.812    16:11:52.680
svchost            2540   8   1  144   1384     0:00:00.015    16:11:52.671
svchost            2548   8   2  194   1736     0:00:00.953    16:11:52.671
IntelCpHeciSvc     2588   8   3  139   1676     0:00:00.015    16:11:52.663
svchost            2776   8   4  227   2292     0:00:00.203    16:11:52.628
svchost            2868   8   4  200   2408     0:00:07.687    16:11:52.611
svchost            2876   8  14  423   6436     0:00:20.046    16:11:52.611
svchost            2904   8   4  213   3064     0:00:20.609    16:11:52.608
svchost            3024   8   5  200   8168     0:00:30.906    16:11:52.586
dasHost            3044   8   2  119   1152     0:00:00.046    16:11:52.583
svchost            2964   8   1  124   1552     0:00:00.046    16:11:52.564
svchost            3104   8   5  187   2112     0:00:01.468    16:11:52.546
svchost            3192   8   8  583   4332     0:00:09.031    16:11:52.531
svchost            3308   8  11  460   3812     0:09:17.218    16:11:52.502
svchost            3332   8  11  341   4336     0:07:45.875    16:11:52.499
svchost            3464   8   5  214   2212     0:00:00.156    16:11:52.452
svchost            3720   8   2  235   2644     0:00:00.312    16:11:52.291
NVDisplay.Container  3824   8  10  344   5528     0:00:02.640    16:11:52.169
svchost            4036   8   9  259   2464     0:00:03.421    16:11:52.008
qmbsrv             3964   8   2  134   1192     0:00:00.046    16:11:51.810
QQPCRTP            3988   8 120 1234 118868     0:09:18.640    16:11:51.810
NVDisplay.Container  3120   8  29  670  31872     0:00:20.718    16:11:51.788
svchost            3324   8   9  399  13384     0:01:40.437    16:11:51.760
svchost            3928   8   4  181   2040     0:00:00.578    16:11:51.714
svchost            4120   8   5  234   4140     0:00:48.109    16:11:51.659
svchost            4128   8   2  180   2100     0:00:00.578    16:11:51.659
svchost            4168   8   4  253   1392     0:00:00.281    16:11:51.654
igfxCUIService     4276   8   2  182   2112     0:00:00.078    16:11:51.615
Memory Compression  4284   8  55    0   2564     0:02:42.390    16:11:51.614
svchost            4384   8   4  156   2208     0:00:00.890    16:11:51.571
svchost            4404   8   2  228   2124     0:00:01.906    16:11:51.569
wsctrlsvc          4812   8   3  177   1776     0:00:00.125    16:11:51.324
svchost            4860   8  14  442  12632     0:00:22.406    16:11:51.295
svchost            5144   8  10  453   4292     0:00:45.859    16:11:50.646
svchost            5280   8   4  146   1800     0:00:00.687    16:11:50.434
svchost            5336   8  15  550   7244     0:00:22.390    16:11:50.388
svchost            5428   8   5  273   4056     0:00:01.671    16:11:50.216
wlanext            5476   8   1  160   1620     0:00:00.125    16:11:50.186
conhost            5496   8   2  102   6260     0:00:00.031    16:11:50.179
spoolsv            5504   8   7  438   5684     0:00:00.468    16:11:50.173
OfficeClickToRun   5648   8  20  755  31560     0:00:04.328    16:11:49.959
svchost            5656   8   7  307   6576     0:00:05.687    16:11:49.958
svchost            5664   8  12  554  38496     0:00:37.750    16:11:49.952
svchost            5680   8  19  374  44800     0:01:16.859    16:11:49.949
FlashHelperService  5696   8  42 1368  12964     0:00:02.687    16:11:49.936
OneApp.IGCC.WinService  5724   8   8  830  39572     0:00:05.437    16:11:49.911
IntelAudioService  5732   8   8  384  26520     0:00:01.484    16:11:49.910
esif_uf            5752  13   4  133   2084     0:00:00.078    16:11:49.898
svchost            5768   8   5  371   3168     0:00:01.375    16:11:49.892
LMS                5832   8   3  211   2940     0:00:00.078    16:11:49.865
svchost            5844   8   6  215   2584     0:00:00.515    16:11:49.851
sqlservr           5912   8  45  425 157864     0:11:35.703    16:11:49.799
nvcontainer        5940   8  34  568  10944     0:00:09.671    16:11:49.772
NvTelemetryContainer  5972   8  11  302   5248     0:00:01.640    16:11:49.733
QQProtect          5996   8  15  442  16500     0:00:11.625    16:11:49.725
svchost            6004   8   2  223   2748     0:00:00.875    16:11:49.723
svchost            6028   8   1  136   1572     0:00:00.078    16:11:49.711
sqlservr           6068   8  71  706 373660     0:40:01.500    16:11:49.679
sqlservr           6076   8  76  715 384244     0:34:27.750    16:11:49.675
RstMwService       6128   8   7  150   1912     0:00:00.046    16:11:49.656
svchost            5136   8   4  109   1400     0:00:00.296    16:11:49.653
SangforPWEx        4536   8   6  210   3252     0:00:00.500    16:11:49.650
jhi_service        5164   8   2  140   1316     0:00:00.031    16:11:49.647
SecoClientPromoteService  5220   8   5  129  34776     0:00:16.578    16:11:49.640
SmartByteAnalyticsService  4660   8   3  121   1548     0:00:00.250    16:11:49.639
RtkAudUService64   5592   8   9  337   4416     0:00:00.546    16:11:49.621
sqlservr           5644   8  77  718 391004     0:32:21.515    16:11:49.611
SmartByteNetworkService  5892   8  18  516 116052     0:11:07.140    16:11:49.609
sqlceip            6192   6  11  625  43308     0:00:04.140    16:11:49.539
sqlceip            6212   6  11  717  36712     0:00:03.671    16:11:49.528
svchost            6228   8   4  181   2072     0:00:02.859    16:11:49.516
sqlwriter          6240   8   2  142   2136     0:00:00.093    16:11:49.509
sqlceip            6256   6  11  668  36660     0:00:03.687    16:11:49.490
WavesSysSvc64      6328   8   9  589   7332     0:00:43.031    16:11:49.454
svchost            6336   8   3  136   1432     0:00:00.062    16:11:49.453
svchost            6564   8   9  421   5344     0:00:01.875    16:11:49.390
svchost            6988   8  13  214   2400     0:00:00.359    16:11:48.881
svchost            7356   8  15  440   3944     0:00:03.437    16:11:48.617
rundll32           7420   8   2  166   1896     0:00:02.312    16:11:48.546
dptf_helper        7844   8   4   97   1572     0:05:18.671    16:11:48.135
RAPSService        7880   8   6  260  14984     0:00:01.078    16:11:48.065
rundll32           8020   8   1  195   2224     0:00:00.203    16:11:47.889
SangforUDProtectEx  8040   8   6  200   4880     0:00:48.734    16:11:47.854
SangforPromoteService  8132   8  13  440   7088     0:02:53.687    16:11:47.770
RAPS               8052   8  10  339  10200     0:03:35.875    16:11:47.609
conhost            8384   8   4  158   6724     0:00:02.234    16:11:47.510
dllhost            8664   8   6  280  10116     0:00:03.406    16:11:46.021
nvcontainer        9336   8  24  380   9284     0:00:12.046    16:11:45.746
sihost             9504   8  20  850  11848     0:00:20.437    16:11:45.602
svchost            9536   8  15  485 114372     0:00:32.812    16:11:45.559
svchost            9556   8   1  160   1852     0:00:01.453    16:11:45.554
svchost            9612   8   6  582   9080     0:00:08.171    16:11:45.503
PresentationFontCache  9704   8   4  247  25088     0:00:01.000    16:11:45.462
PopBlock           9772   6   4  247  20520     0:02:28.640    16:11:45.432
svchost            9928   8   9  321   4604     0:00:12.734    16:11:45.324
taskhostw         10000   8   6  236   3040     0:00:02.765    16:11:45.240
svchost           10224   8   3  168   1852     0:00:00.078    16:11:45.075
ctfmon             5344  13  16  958  19132     0:00:34.671    16:11:45.015
igfxEM            10276   8   3  452   3840     0:00:01.828    16:11:44.975
svchost           10456   8  11  466   6008     0:00:03.375    16:11:44.767
explorer          10616   8 187 5067 200040     0:06:58.375    16:11:44.497
QQPCTray          10664   8 144 2386 174344     0:27:52.390    16:11:44.412
svchost           10768   8   8  221   2680     0:00:00.250    16:11:44.280
ChsIME            11064   8   2  144   1696     0:00:00.015    16:11:43.911
NVIDIA Web Helper 10168   6  95  648  30508     0:00:08.546    16:11:43.715
svchost            2292   8   1  151   1804     0:00:00.125    16:11:43.496
conhost           11116   6   2  105   6340     0:00:00.109    16:11:43.447
svchost           11508   8   2  186   2716     0:00:01.531    16:11:43.147
RtkAudUService64  11936   8   3  240   1844     0:00:00.234    16:11:42.224
QQPCRealTimeSpeedup  9628   8  39  868  41732     0:08:09.812    16:11:40.690
svchost           12460   8  10  287   6716     0:00:03.671    16:11:40.116
dllhost           12600   8   4  207   3492     0:00:00.281    16:11:39.175
svchost           12748   8  11  456   7828     0:00:05.656    16:11:38.048
StartMenuExperienceHost 11692   8   9  644  30920     0:00:07.484    16:11:35.055
RuntimeBroker      7628   8   2  347   6756     0:00:06.968    16:11:32.681
SearchIndexer      5076   8  34  887  40980     0:04:21.562    16:11:32.474
RuntimeBroker     13832   8  22  815  42024     0:00:13.671    16:11:30.880
svchost           14228   8   4  279   3952     0:00:01.562    16:11:29.910
SettingSyncHost   14244   6   6  447   6380     0:00:14.078    16:11:29.894
YourPhone         13360   8  16  845  32924     0:00:02.796    16:11:29.155
TextInputHost     10764   8  19  810  19864     0:00:14.343    16:11:27.074
RuntimeBroker     10820   8   5  355   8592     0:00:23.343    16:11:26.526
ShellExperienceHost 14828   8  19  959  23436     0:00:05.484    16:11:20.936
RuntimeBroker     14956   8   4  360   4544     0:00:02.453    16:11:20.162
SecurityHealthSystray 15328   8   1  166   2008     0:00:00.312    16:11:19.311
SecurityHealthService   992   8   9  384   3752     0:00:02.031    16:11:19.200
WavesSvc64         4248   8  12 1126 132196     0:00:17.781    16:11:18.814
RuntimeBroker     13604   8   5  436   4876     0:00:01.406    16:11:11.307
SearchApp         15612   8  57 2301 154640     0:00:41.765    16:11:09.870
HipsTray          16068   8   9  340  10708     0:05:03.531    16:11:08.576
RtkAudUService64  16136   8   7  348   4076     0:00:00.546    16:11:08.168
OneDrive          15680   8  29  824  37264     0:00:17.671    16:11:06.770
svchost           16748   8   3  188   2112     0:00:01.359    16:11:02.389
ChsIME             2664   8   5  347   5516     0:00:01.718    16:11:00.792
vmware-tray       17920   8   3  204   4184     0:00:00.359    16:10:58.792
svchost           18188   8  10  389   6636     0:00:01.484    16:10:57.842
QQ                16444   8  80 1381 160440     0:16:17.625    16:10:48.813
TXPlatform        16668   8   2  197   4168     0:00:00.140    16:10:48.424
svchost           15984   8   8  310   4956     0:00:00.828    16:09:47.390
DDVRulesProcessor  3660   8   8  278  18848     0:00:01.484    16:09:47.237
Dell.D3.WinSvc     3908   8  29 1045 113548     0:00:25.312    16:09:46.208
Dsapi             18484   8  25  735  94640     0:01:09.796    16:09:45.956
svchost           18540   8   3  461   5444     0:00:01.140    16:09:45.435
DellSupportAssistRemedationService 18736   8  26 1210  70716     0:00:24.734    16:09:44.626
ServiceShell      18940   8  34 1536  66440     0:00:14.500    16:09:44.139
svchost           19440   8   3  216   3032     0:00:00.250    16:09:42.644
svchost            4748   8   1  212   2860     0:00:02.937    16:09:26.122
SgrmBroker         6620   8   7  105   5460     0:00:01.687    16:09:25.632
SupportAssistAgent 11224   8  37 1173 596636     0:02:10.218    16:09:25.446
DDVDataCollector   7840   8  10  388  27596     0:00:17.625    16:09:24.905
DDVCollectorSvcApi  1124   8   2  169   2004     0:00:00.250    16:09:24.008
nvapiw            17332   8   2  115   3828     0:00:00.046    16:08:50.598
MusNotifyIcon     13720   6   3  241   4100     0:00:00.453    16:08:46.575
ApplicationFrameHost  3560   8   4  479  19948     0:00:01.781    16:08:32.847
Video.UI          13980   8  16  704  20524     0:00:00.656    16:08:32.811
RuntimeBroker      9648   8   1  123   1636     0:00:00.078    16:08:31.828
SystemSettings    18224   8  22  764  23892     0:00:00.593    16:08:21.764
mcafee-security   18780   8  18  688  32140     0:00:01.812    16:08:02.516
RuntimeBroker      1868   8   1  293   3304     0:00:00.656    16:08:01.328
mcafee-security-ft  2764   8   3  291   3596     0:00:00.421    16:08:00.499
SearchApp          4720   8  43 1317 278836     0:00:22.640    16:01:29.689
dllhost            3472   8  10  271   6408     0:00:00.390    16:01:28.841
SDXHelper         18388   4  17  768  18612     0:00:19.328    15:56:43.990
LockApp           18040   8  12  564  18616     0:00:03.656    15:17:18.220
RuntimeBroker     10088   8   5  422   9992     0:00:07.703    15:17:16.596
HipsDaemon        13472   8  62  563 159708     0:09:27.859    14:20:51.776
usysdiag           3536   8  18  207   2648     0:00:00.203    14:20:50.976
svchost           18532   8   2  300   4952     0:00:00.531    14:00:57.929
wegame            21224   8  65 1071 145500     0:07:21.906    13:14:35.911
rail              21692   8  17  358  33272     0:00:43.125    13:14:29.210
tcls_core         21776   8   5  282  10944     0:00:03.046    13:14:29.154
ECAgent           18416   8  14  566   8964     0:00:18.781     3:28:41.978
QQPCLeakScan      14912   6  23  398  20364     0:00:20.078     3:05:27.187
svchost            8252   8   7  388   5032     0:00:01.656     2:18:05.140
svchost           13576   8   3  115   1276     0:00:00.062     1:43:31.629
FlashHelperService 11432   8   2  204   5480     0:00:00.437     1:40:48.405
WmiPrvSE          18556   8   8  614  29660     0:03:43.468     1:28:31.270
svchost           21732   8   5  156   4020     0:00:00.375     1:20:23.537
pdfspeedup        14720   8  35  647  13316     0:00:03.750     1:16:25.314
svchost            3372   8   1  104   1156     0:00:00.015     1:14:23.878
msedge             2468   8  46 2077  86512     0:02:49.093     1:10:32.941
msedge            18408   8   7  272   2276     0:00:00.046     1:10:32.809
msedge            18868  10  15  994 342308     0:03:15.328     1:10:32.579
msedge            20980   8  15  354  17460     0:00:19.109     1:10:32.488
msedge            23148   8   8  251   8744     0:00:01.000     1:10:32.371
msedge            10812   8  17  315  17176     0:00:00.546     1:10:31.981
msedge             1832   8  17  315  17268     0:00:00.468     1:10:31.830
msedge             3220   4  19  429  87820     0:01:08.875     1:10:26.209
msedge            22444   8   8  238   8412     0:00:00.281     1:07:40.812
msedge            12620   8   8  293   7960     0:00:00.218     1:07:25.027
msedge            17156   4  17  375  77284     0:04:16.140     1:03:32.096
msedge              272   4  17  303  16880     0:00:00.640     0:32:51.630
msedge             3616   8   8  251  20152     0:00:07.750     0:32:50.870
svchost            7552   8   2  119   1352     0:00:00.031     0:29:04.362
msedge            18644   4  17  302  16628     0:00:00.281     0:27:23.767
notepad            1824   8   1  277   3176     0:00:01.562     0:26:01.015
msedge            15576   4  17  368  41448     0:00:06.578     0:19:31.926
msedge             9832   4  23  370  39696     0:00:05.359     0:09:09.125
msedge            14940   8  18  377  38464     0:00:02.000     0:08:22.415
msedge             9668   4  16  277  13388     0:00:00.125     0:08:14.593
smartscreen       20976   8  10  404   8536     0:00:00.250     0:04:14.190
audiodg           16452   8   4  192   8072     0:00:00.390     0:04:02.390
360zip            20984   8  10  542  12784     0:00:03.625     0:01:29.456
dllhost           20920   8   9  284   3496     0:00:00.328     0:00:41.851
cmd               16628   8   3   74   4332     0:00:00.062     0:00:07.065
conhost           15456   8   8  269   7724     0:00:00.250     0:00:07.034
pslist            12964  13   4  245   3628     0:00:00.421     0:00:00.272
